------------------------------------------------------------
Timing Analyzer Summary
------------------------------------------------------------

Type  : Slow 1100mV 85C Model Setup 'FPGA_CLK1_50'
Slack : -3.134
TNS   : -156.138

Type  : Slow 1100mV 85C Model Hold 'FPGA_CLK1_50'
Slack : 0.410
TNS   : 0.000

Type  : Slow 1100mV 85C Model Minimum Pulse Width 'FPGA_CLK1_50'
Slack : -0.394
TNS   : -35.461

Type  : Slow 1100mV 0C Model Setup 'FPGA_CLK1_50'
Slack : -3.027
TNS   : -151.296

Type  : Slow 1100mV 0C Model Hold 'FPGA_CLK1_50'
Slack : 0.398
TNS   : 0.000

Type  : Slow 1100mV 0C Model Minimum Pulse Width 'FPGA_CLK1_50'
Slack : -0.394
TNS   : -31.354

Type  : Fast 1100mV 85C Model Setup 'FPGA_CLK1_50'
Slack : -1.397
TNS   : -68.457

Type  : Fast 1100mV 85C Model Hold 'FPGA_CLK1_50'
Slack : 0.197
TNS   : 0.000

Type  : Fast 1100mV 85C Model Minimum Pulse Width 'FPGA_CLK1_50'
Slack : -0.424
TNS   : -25.832

Type  : Fast 1100mV 0C Model Setup 'FPGA_CLK1_50'
Slack : -1.160
TNS   : -57.730

Type  : Fast 1100mV 0C Model Hold 'FPGA_CLK1_50'
Slack : 0.188
TNS   : 0.000

Type  : Fast 1100mV 0C Model Minimum Pulse Width 'FPGA_CLK1_50'
Slack : -0.460
TNS   : -30.286

------------------------------------------------------------
